Using launch settings from /home/vashisht/thinkschool/day-1/Day-18/QuotesApi/Properties/launchSettings.json...
Building...
[10:33:32 INF] [TraceId=] Acquiring an exclusive lock for migration application. See https://aka.ms/efcore-docs-migrations-lock for more information if this takes too long.
[10:33:32 DBG] [TraceId=] Creating DbCommand for 'ExecuteScalar'.
[10:33:32 DBG] [TraceId=] Created DbCommand for 'ExecuteScalar' (6ms).
[10:33:32 DBG] [TraceId=] Initialized DbCommand for 'ExecuteScalar' (13ms).
[10:33:32 DBG] [TraceId=] Executing DbCommand [Parameters=[], CommandType='Text', CommandTimeout='30']
SELECT COUNT(*) FROM "sqlite_master" WHERE "name" = '__EFMigrationsLock' AND "type" = 'table';
[10:33:32 INF] [TraceId=] Executed DbCommand (19ms) [Parameters=[], CommandType='Text', CommandTimeout='30']
SELECT COUNT(*) FROM "sqlite_master" WHERE "name" = '__EFMigrationsLock' AND "type" = 'table';
[10:33:32 DBG] [TraceId=] Creating DbCommand for 'ExecuteScalar'.
[10:33:32 DBG] [TraceId=] Created DbCommand for 'ExecuteScalar' (0ms).
[10:33:32 DBG] [TraceId=] Initialized DbCommand for 'ExecuteScalar' (0ms).
[10:33:32 DBG] [TraceId=] Executing DbCommand [Parameters=[], CommandType='Text', CommandTimeout='30']
INSERT OR IGNORE INTO "__EFMigrationsLock"("Id", "Timestamp") VALUES(1, '2026-08-31 05:03:32.5069862+00:00');
SELECT changes();
[10:33:32 INF] [TraceId=] Executed DbCommand (188ms) [Parameters=[], CommandType='Text', CommandTimeout='30']
INSERT OR IGNORE INTO "__EFMigrationsLock"("Id", "Timestamp") VALUES(1, '2026-08-31 05:03:32.5069862+00:00');
SELECT changes();
[10:33:32 DBG] [TraceId=] Creating DbCommand for 'ExecuteNonQuery'.
[10:33:32 DBG] [TraceId=] Created DbCommand for 'ExecuteNonQuery' (0ms).
[10:33:32 DBG] [TraceId=] Initialized DbCommand for 'ExecuteNonQuery' (0ms).
[10:33:32 DBG] [TraceId=] Executing DbCommand [Parameters=[], CommandType='Text', CommandTimeout='30']
CREATE TABLE IF NOT EXISTS "__EFMigrationsHistory" (
    "MigrationId" TEXT NOT NULL CONSTRAINT "PK___EFMigrationsHistory" PRIMARY KEY,
    "ProductVersion" TEXT NOT NULL
);
[10:33:32 INF] [TraceId=] Executed DbCommand (1ms) [Parameters=[], CommandType='Text', CommandTimeout='30']
CREATE TABLE IF NOT EXISTS "__EFMigrationsHistory" (
    "MigrationId" TEXT NOT NULL CONSTRAINT "PK___EFMigrationsHistory" PRIMARY KEY,
    "ProductVersion" TEXT NOT NULL
);
[10:33:32 DBG] [TraceId=] Creating DbCommand for 'ExecuteScalar'.
[10:33:32 DBG] [TraceId=] Created DbCommand for 'ExecuteScalar' (0ms).
[10:33:32 DBG] [TraceId=] Initialized DbCommand for 'ExecuteScalar' (0ms).
[10:33:32 DBG] [TraceId=] Executing DbCommand [Parameters=[], CommandType='Text', CommandTimeout='30']
SELECT COUNT(*) FROM "sqlite_master" WHERE "name" = '__EFMigrationsHistory' AND "type" = 'table';
[10:33:32 INF] [TraceId=] Executed DbCommand (0ms) [Parameters=[], CommandType='Text', CommandTimeout='30']
SELECT COUNT(*) FROM "sqlite_master" WHERE "name" = '__EFMigrationsHistory' AND "type" = 'table';
[10:33:32 DBG] [TraceId=] Creating DbCommand for 'ExecuteReader'.
[10:33:32 DBG] [TraceId=] Created DbCommand for 'ExecuteReader' (0ms).
[10:33:32 DBG] [TraceId=] Initialized DbCommand for 'ExecuteReader' (0ms).
[10:33:32 DBG] [TraceId=] Executing DbCommand [Parameters=[], CommandType='Text', CommandTimeout='30']
SELECT "MigrationId", "ProductVersion"
FROM "__EFMigrationsHistory"
ORDER BY "MigrationId";
[10:33:32 INF] [TraceId=] Executed DbCommand (1ms) [Parameters=[], CommandType='Text', CommandTimeout='30']
SELECT "MigrationId", "ProductVersion"
FROM "__EFMigrationsHistory"
ORDER BY "MigrationId";
[10:33:32 DBG] [TraceId=] Closing data reader to 'main' on server '/home/vashisht/thinkschool/day-1/Day-18/QuotesApi/quotes.db'.
[10:33:32 DBG] [TraceId=] A data reader for 'main' on server '/home/vashisht/thinkschool/day-1/Day-18/QuotesApi/quotes.db' is being disposed after spending 7ms reading results.
[10:33:32 INF] [TraceId=] No migrations were applied. The database is already up to date.
[10:33:32 DBG] [TraceId=] Creating DbCommand for 'ExecuteScalar'.
[10:33:32 DBG] [TraceId=] Created DbCommand for 'ExecuteScalar' (0ms).
[10:33:32 DBG] [TraceId=] Initialized DbCommand for 'ExecuteScalar' (0ms).
[10:33:32 DBG] [TraceId=] Executing DbCommand [Parameters=[], CommandType='Text', CommandTimeout='30']
DELETE FROM "__EFMigrationsLock";
[10:33:32 INF] [TraceId=] Executed DbCommand (34ms) [Parameters=[], CommandType='Text', CommandTimeout='30']
DELETE FROM "__EFMigrationsLock";
[10:33:33 INF] [TraceId=] QueuedHostedService started; draining the background task queue.
[10:33:33 INF] [TraceId=] PeriodicStatsHostedService started; logging a quote digest every 30s.
[10:33:33 INF] [TraceId=] Now listening on: http://localhost:5147
[10:33:33 INF] [TraceId=] Starting Hangfire Server using job storage: 'In-Memory Storage'
[10:33:33 INF] [TraceId=] Using the following options for Hangfire Server:
    Worker count: 20
    Listening queues: 'default'
    Shutdown timeout: 00:00:15
    Schedule polling interval: 00:00:15
[10:33:33 INF] [TraceId=] Application started. Press Ctrl+C to shut down.
[10:33:33 INF] [TraceId=] Hosting environment: Development
[10:33:33 INF] [TraceId=] Content root path: /home/vashisht/thinkschool/day-1/Day-18/QuotesApi
[10:33:33 INF] [TraceId=] Server archlinux:15295:284123fb successfully announced in 3.7285 ms
[10:33:33 INF] [TraceId=] Server archlinux:15295:284123fb is starting the registered dispatchers: ServerWatchdog, ServerJobCancellationWatcher, Worker, DelayedJobScheduler, RecurringJobScheduler...
[10:33:33 INF] [TraceId=] Server archlinux:15295:284123fb all the dispatchers started
[10:33:34 INF] [TraceId=367c8452e7ad47ccec3073a3cdbba95f] HTTP GET /health responded 200 in 19.4137 ms
[10:33:34 INF] [TraceId=320459861d71baf1d05a59aad310cf20] HTTP POST /api/quotes/import responded 202 in 173.2399 ms
[10:33:34 INF] [TraceId=] Start processing HTTP request GET https://dummyjson.com/quotes/random
[10:33:34 INF] [TraceId=] Sending HTTP request GET https://dummyjson.com/quotes/random
[10:33:35 INF] [TraceId=] Received HTTP response headers after 798.6205ms - 200
[10:33:35 INF] [TraceId=] Execution attempt. Source: 'IExternalQuoteClient-external-quote-pipeline//Retry', Operation Key: 'null', Result: '200', Handled: 'False', Attempt: '0', Execution Time: 830.7774ms
[10:33:35 INF] [TraceId=] End processing HTTP request after 880.6656ms - 200
[10:33:35 DBG] [TraceId=] Creating DbCommand for 'ExecuteReader'.
[10:33:35 DBG] [TraceId=] Created DbCommand for 'ExecuteReader' (0ms).
[10:33:35 DBG] [TraceId=4d80e106bbc0c33a6b426aae5ea481a5] Initialized DbCommand for 'ExecuteReader' (12ms).
[10:33:35 DBG] [TraceId=4d80e106bbc0c33a6b426aae5ea481a5] Executing DbCommand [Parameters=[@p0='?' (Size = 11), @p1='?' (DbType = Boolean), @p2='?' (Size = 51)], CommandType='Text', CommandTimeout='30']
INSERT INTO "Quotes" ("Author", "IsDeleted", "Text")
VALUES (@p0, @p1, @p2)
RETURNING "Id";
[10:33:35 INF] [TraceId=4d80e106bbc0c33a6b426aae5ea481a5] Executed DbCommand (28ms) [Parameters=[@p0='?' (Size = 11), @p1='?' (DbType = Boolean), @p2='?' (Size = 51)], CommandType='Text', CommandTimeout='30']
INSERT INTO "Quotes" ("Author", "IsDeleted", "Text")
VALUES (@p0, @p1, @p2)
RETURNING "Id";
[10:33:35 DBG] [TraceId=] Closing data reader to 'main' on server '/home/vashisht/thinkschool/day-1/Day-18/QuotesApi/quotes.db'.
[10:33:35 DBG] [TraceId=] A data reader for 'main' on server '/home/vashisht/thinkschool/day-1/Day-18/QuotesApi/quotes.db' is being disposed after spending 95ms reading results.
[10:33:35 INF] [TraceId=] Created quote 8 by Walt Disney
[10:33:36 INF] [TraceId=ab8a584ac3bf9f397339b3fe18b1c578] HTTP GET /api/jobs/9aaf8074-0136-4298-879c-cd33a992f153 responded 200 in 4.8904 ms
[10:33:36 INF] [TraceId=] Server archlinux:15295:284123fb caught stopping signal...
[10:33:36 INF] [TraceId=] Application is shutting down...
[10:33:36 INF] [TraceId=] Server archlinux:15295:284123fb All dispatchers stopped
[10:33:36 INF] [TraceId=] Server archlinux:15295:284123fb successfully reported itself as stopped in 1.3329 ms
[10:33:36 INF] [TraceId=] Server archlinux:15295:284123fb has been stopped in total 8.0338 ms
[10:33:36 INF] [TraceId=] Graceful shutdown requested for PeriodicStatsHostedService.
[10:33:36 INF] [TraceId=] PeriodicStatsHostedService stopped.
[10:33:36 INF] [TraceId=] Graceful shutdown requested for QueuedHostedService. Letting any in-flight work item finish (queue currently holds 0 pending item(s)).
[10:33:36 INF] [TraceId=] QueuedHostedService loop exited.
[10:33:36 INF] [TraceId=] QueuedHostedService stopped.
